<html>
<body>
<pre>
<h1>礦ision Build Log</h1>
<h2>Tool Versions:</h2>
IDE-Version: μVision V5.22.0.0
Copyright (C) 2016 ARM Ltd and ARM Germany GmbH. All rights reserved.
License Information: gjskj Windows, HP Inc., LIC=21E45-GU2BX-451T5-GVBZH-47UGE-NHRHY
 
Tool Versions:
Toolchain:       MDK-ARM Plus  Version: 5.22
Toolchain Path:  D:\Keil_v5\ARM\ARMCC\Bin
C Compiler:      Armcc.exe V5.06 update 4 (build 422)
Assembler:       Armasm.exe V5.06 update 4 (build 422)
Linker/Locator:  ArmLink.exe V5.06 update 4 (build 422)
Library Manager: ArmAr.exe V5.06 update 4 (build 422)
Hex Converter:   FromElf.exe V5.06 update 4 (build 422)
CPU DLL:         SARMCM3.DLL V5.22
Dialog DLL:      DCM.DLL V1.13.9.0
Target DLL:      STLink\ST-LINKIII-KEIL_SWO.dll V2.0.18.0
Dialog DLL:      TCM.DLL V1.21.0.0
 
<h2>Project:</h2>
D:\Users\91984\Desktop\新建文件夹\FTU_NW_20180706\FTU\bsp\stm32f429-apollo\project.uvprojx
Project File Date:  07/18/2018

<h2>Output:</h2>
*** Using Compiler 'V5.06 update 4 (build 422)', folder: 'D:\Keil_v5\ARM\ARMCC\Bin'
Build target 'FTU_V03.020'
compiling point_table_config.c...
compiling calculator.c...
compiling main_protect_ctrl.c...
compiling tcp_server.c...
applications\tcp_server\tcp_server.c(289): warning:  #177-D: variable "sentset"  was declared but never referenced
      fd_set recvset,sentset;
applications\tcp_server\tcp_server.c: 1 warning, 0 errors
compiling other_protect.c...
applications\protect\other_protect.c(54): warning:  #177-D: function "SysMonitorTask"  was declared but never referenced
  static void SysMonitorTask(void)
applications\protect\other_protect.c: 1 warning, 0 errors
compiling common_data.c...
compiling multi_thread.c...
applications\MultiThread\multi_thread.c(433): warning:  #550-D: variable "result"  was set but never used
      rt_err_t result = RT_EOK;
applications\MultiThread\multi_thread.c(484): warning:  #550-D: variable "result"  was set but never used
      rt_err_t result = RT_EOK;
applications\MultiThread\multi_thread.c(535): warning:  #550-D: variable "result"  was set but never used
      rt_err_t result = RT_EOK;
applications\MultiThread\multi_thread.c(586): warning:  #550-D: variable "result"  was set but never used
      rt_err_t result = RT_EOK;
applications\MultiThread\multi_thread.c(636): warning:  #550-D: variable "result"  was set but never used
      rt_err_t result = RT_EOK;
applications\MultiThread\multi_thread.c(687): warning:  #550-D: variable "result"  was set but never used
      rt_err_t result = RT_EOK;
applications\MultiThread\multi_thread.c(738): warning:  #550-D: variable "result"  was set but never used
      rt_err_t result = RT_EOK;
applications\MultiThread\multi_thread.c(788): warning:  #550-D: variable "result"  was set but never used
      rt_err_t result = RT_EOK;
applications\MultiThread\multi_thread.c: 8 warnings, 0 errors
compiling drv_fm25vxx.c...
compiling drv_iic.c...
compiling drv_sd2405.c...
compiling wave_recording.c...
compiling file_operate.c...
compiling board.c...
compiling drv_w5500.c...
compiling drv_timer.c...
compiling drv_handheld.c...
compiling drv_di.c...
compiling drv_wdg.c...
compiling gui_101_cmd.c...
compiling drv_ad7616.c...
compiling drv_led.c...
compiling drv_do.c...
compiling sys_arch.c...
compiling hmi_101_disk.c...
compiling GUIdisplay.c...
compiling dlt634_5101slave_disk.c...
compiling hmi_101_app.c...
compiling Interface_S2J.c...
compiling userVariable.c...
compiling hmiInOut.c...
compiling dlt634_5101slave_app.c...
compiling dlt634_5104slave_disk.c...
compiling dlt634_5104slave_app.c...
compiling JsonFileOperation.c...
compiling channel_monitor.c...
linking...
Program Size: Code=388896 RO-data=57036 RW-data=25324 ZI-data=24595812  
FromELF: creating hex file...
After Build - User command #1: fromelf --bin .\Objects\template.axf --output ftu_v03.021.bin
".\Objects\template.axf" - 0 Error(s), 10 Warning(s).

<h2>Collection of Component include folders:</h2>
  D:\Users\91984\Desktop\新建文件夹\FTU_NW_20180706\FTU\bsp\stm32f429-apollo\RTE\_FTU_V03.020
  D:\Keil_v5\ARM\PACK\Keil\STM32F4xx_DFP\2.11.0\Drivers\CMSIS\Device\ST\STM32F4xx\Include

<h2>Collection of Component Files used:</h2>
Build Time Elapsed:  00:01:40
</pre>
</body>
</html>
